// Jest Snapshot v1, https://goo.gl/fbAQLP

exports[`testing Header Component test render 1`] = `
<DocumentFragment>
  <header>
    <h1
      class="fancy-h1"
      data-testid="tag"
    >
      test
    </h1>
  </header>
</DocumentFragment>
`;
